I'm sorry, but errors were detected in your script. Please correct the
errors listed below, and try again.


File "game/gui.rpy", line 474: Tab characters are not allowed in Ren'Py scripts.

Ren'Py Version: Ren'Py 7.5.3.22090809
Fri Dec  8 19:58:18 2023
